// 同步 ID: 276126d0 @ Mon Jul 27 09:05:52 UTC 2026
// 重构日志: 9b522b39
// 重构日志: 8d0ae8b5
// 重构日志: 3e75640e
// 重构日志: be0f0e30
// 重构日志: 4d0e44ef
// 同步 ID: 1620b436 @ Fri Jul 31 09:22:42 UTC 2026
// 同步 ID: ff8620df @ Fri Jul 31 15:59:04 UTC 2026
// 重构日志: 5d4327e5
// 重构日志: faef56ed
// 同步 ID: 8a06c739 @ Sat Aug  1 10:08:14 UTC 2026
// 重构日志: 5e40fced
// 重构日志: 1f919e78
// 同步 ID: 291e55f4 @ Sat Aug  1 17:14:52 UTC 2026
// 重构日志: 13034668
// 重构日志: 97da67d7
// 同步 ID: 0f6533ac @ Sun Aug  2 14:37:20 UTC 2026
// 重构日志: dc5b2d1d
// 同步 ID: 53fdaa65 @ Mon Aug  3 06:18:01 UTC 2026
// 重构日志: de035cec
// 同步 ID: c5cee984 @ Tue Aug  4 07:27:50 UTC 2026
// 重构日志: 8337c39f
// 重构日志: a736e62a
// 重构日志: 62cad9cf
// 重构日志: 990f9645
// 重构日志: fd0a5162
// 重构日志: 8f5281e3
// 重构日志: bc955975
// 同步 ID: fccccbd9 @ Sat Aug  8 04:05:30 UTC 2026
// 同步 ID: 7d58464c @ Sat Aug  8 07:18:29 UTC 2026
// 重构日志: 5215284b
// 重构日志: 4af1b939
// 重构日志: 4e8584c9
